! For example of this file see https://github.com/pmacct/pmacct/blob/master/examples/primitives.lst.example
!
! For list of IPFIX fields see https://www.iana.org/assignments/ipfix/ipfix.xhtml
name=ipv6_flow_label field_type=31 len=4 semantics=u_int

! 
! Note that right now the below fields always seem to be empty
name=vrfid_ingress    field_type=234  len=2        semantics=u_int
name=vrfid_egress     field_type=235  len=2        semantics=u_int

!mpls label fields
name=mpls_top_label_type field_type=46 len=1 semantics=u_int
name=mpls_top_label_ipv4 field_type=47 len=4 semantics=ip
name=mpls_label1 field_type=70 len=3 semantics=raw
name=mpls_label2 field_type=71 len=3 semantics=raw
name=mpls_label3 field_type=72 len=3 semantics=raw
name=mpls_label4 field_type=73 len=3 semantics=raw
name=mpls_label5 field_type=74 len=3 semantics=raw
name=mpls_label6 field_type=75 len=3 semantics=raw
name=mpls_label7 field_type=76 len=3 semantics=raw
name=mpls_label8 field_type=77 len=3 semantics=raw
name=mpls_label9 field_type=78 len=3 semantics=raw
name=mpls_label10 field_type=79 len=3 semantics=raw